2026-05-22 11:03:49.008 INFO  c.k.k.c.l.logback.LogbackConfigurator    - Logback default configuration initialized from: C:\Users\NCI-IS\.katalon\packages\KS-11.1.3\configuration\org.eclipse.osgi\150\0\.cp\resources\logback\logback-execution.xml
2026-05-22 11:03:49.011 INFO  c.k.k.c.l.logback.LogbackConfigurator    - Logback custom configuration initialized from: C:\Users\NCI-IS\git\testingqa\Include\config\log.properties
2026-05-22 11:03:49.908 INFO  c.k.katalon.core.main.TestSuiteExecutor  - START Test Suites/Suites_Reservasi_Foreigner
2026-05-22 11:03:50.003 INFO  c.k.katalon.core.main.TestSuiteExecutor  - userFullName = Heri Kuswanto
2026-05-22 11:03:50.004 INFO  c.k.katalon.core.main.TestSuiteExecutor  - projectName = testingqa
2026-05-22 11:03:50.005 INFO  c.k.katalon.core.main.TestSuiteExecutor  - hostName = NCI-IS - DESKTOP-JISS8F0
2026-05-22 11:03:50.006 INFO  c.k.katalon.core.main.TestSuiteExecutor  - os = Windows 11 64bit
2026-05-22 11:03:50.007 INFO  c.k.katalon.core.main.TestSuiteExecutor  - hostAddress = 192.168.0.64
2026-05-22 11:03:50.008 INFO  c.k.katalon.core.main.TestSuiteExecutor  - katalonVersion = 11.1.3.0
2026-05-22 11:03:50.173 INFO  c.k.katalon.core.main.TestCaseExecutor   - --------------------
2026-05-22 11:03:50.173 INFO  c.k.katalon.core.main.TestCaseExecutor   - START Test Cases/TC01 - Login
2026-05-22 11:03:50.598 DEBUG testcase.TC01 - Login                    - 1: openBrowser("")
2026-05-22 11:03:51.003 INFO  c.k.k.core.webui.driver.DriverFactory    - Starting 'Chrome' driver
2026-05-22 11:03:51.079 INFO  c.k.k.core.webui.driver.DriverFactory    - Action delay is set to 0 milliseconds
2026-05-22 11:03:53.038 INFO  c.k.k.core.webui.driver.DriverFactory    - sessionId = a382bf363f20072570151c4fec4e4fb2
2026-05-22 11:03:53.040 INFO  c.k.k.core.webui.driver.DriverFactory    - browser = Chrome 148.0.7778.168
2026-05-22 11:03:53.041 INFO  c.k.k.core.webui.driver.DriverFactory    - platform = Windows 11
2026-05-22 11:03:53.042 INFO  c.k.k.core.webui.driver.DriverFactory    - seleniumVersion = 4.39.0
2026-05-22 11:03:53.050 INFO  c.k.k.core.webui.driver.DriverFactory    - proxyInformation = ProxyInformation { proxyOption=NO_PROXY, proxyServerType=HTTP, username=, password=********, proxyServerAddress=, proxyServerPort=0, executionList="", isApplyToDesiredCapabilities=true }
2026-05-22 11:03:53.112 DEBUG testcase.TC01 - Login                    - 2: navigateToUrl("https://app.nci.co.id/siora/")
2026-05-22 11:03:53.566 DEBUG testcase.TC01 - Login                    - 3: delay(5)
2026-05-22 11:03:58.617 DEBUG testcase.TC01 - Login                    - 4: click(findTestObject("Login_OR/Page_SIORA/button_Login"))
2026-05-22 11:03:59.241 DEBUG testcase.TC01 - Login                    - 5: delay(5)
2026-05-22 11:04:04.256 DEBUG testcase.TC01 - Login                    - 6: setText(findTestObject("Login_OR/Page_SIORA/input_enter your email"), "herykuswanto03@gmail.com")
2026-05-22 11:04:05.090 DEBUG testcase.TC01 - Login                    - 7: delay(5)
2026-05-22 11:04:10.104 DEBUG testcase.TC01 - Login                    - 8: setEncryptedText(findTestObject("Login_OR/Page_SIORA/input_"), "qkk5RTyihrJfVaznnNKVlg==")
2026-05-22 11:04:10.492 DEBUG testcase.TC01 - Login                    - 9: delay(5)
2026-05-22 11:04:15.502 DEBUG testcase.TC01 - Login                    - 10: click(findTestObject("Login_OR/Page_SIORA/button_Sign In"))
2026-05-22 11:04:15.855 DEBUG testcase.TC01 - Login                    - 11: delay(5)
2026-05-22 11:04:20.874 INFO  c.k.katalon.core.main.TestCaseExecutor   - END Test Cases/TC01 - Login
2026-05-22 11:04:20.881 INFO  c.k.katalon.core.main.TestCaseExecutor   - --------------------
2026-05-22 11:04:20.881 INFO  c.k.katalon.core.main.TestCaseExecutor   - START Test Cases/TC03 - Reservasi Foreigner
2026-05-22 11:04:20.962 DEBUG testcase.TC03 - Reservasi Foreigner      - 1: click(findTestObject("Reservasi_OR/Page_SIORA/img_Komodo Reservation"))
2026-05-22 11:04:21.328 DEBUG testcase.TC03 - Reservasi Foreigner      - 2: click(findTestObject("Reservasi_OR/Page_SIORA/div_w-6 h-6 rounded-lg border-2 flex items-cente"))
2026-05-22 11:04:22.067 DEBUG testcase.TC03 - Reservasi Foreigner      - 3: click(findTestObject("Reservasi_OR/Page_SIORA/button_Next"))
2026-05-22 11:04:22.624 DEBUG testcase.TC03 - Reservasi Foreigner      - 4: click(findTestObject("Reservasi_OR/Page_SIORA/Page_SIORA/button_inline-flex items-center justify-center g"))
2026-05-22 11:04:22.979 DEBUG testcase.TC03 - Reservasi Foreigner      - 5: click(findTestObject("Reservasi_OR/Page_SIORA/button_Continue to Tickets"))
2026-05-22 11:04:23.356 DEBUG testcase.TC03 - Reservasi Foreigner      - 6: click(findTestObject("Reservasi_OR/Page_SIORA/button_Komodo National Park"))
2026-05-22 11:04:23.936 DEBUG testcase.TC03 - Reservasi Foreigner      - 7: click(findTestObject("Reservasi_OR/Page_SIORA/button_Continue to Tickets"))
2026-05-22 11:04:24.616 DEBUG testcase.TC03 - Reservasi Foreigner      - 8: click(findTestObject("Reservasi_OR/Page_SIORA/Page_SIORA/button_FOREIGNER1"))
2026-05-22 11:04:25.194 DEBUG testcase.TC03 - Reservasi Foreigner      - 9: setText(findTestObject("Reservasi_OR/Page_SIORA/input_Alexander Thorne"), "testing")
2026-05-22 11:04:26.094 DEBUG testcase.TC03 - Reservasi Foreigner      - 10: setText(findTestObject("Reservasi_OR/Page_SIORA/input_Passport or National ID"), "0123456789")
2026-05-22 11:04:26.783 DEBUG testcase.TC03 - Reservasi Foreigner      - 11: click(findTestObject("Reservasi_OR/Page_SIORA/Page_SIORA/div_css-1xc3v61-indicatorContainer"))
2026-05-22 11:04:27.201 DEBUG testcase.TC03 - Reservasi Foreigner      - 12: click(findTestObject("Reservasi_OR/Page_SIORA/Page_SIORA/div_react-select-3-option-17"))
2026-05-22 11:04:28.252 DEBUG testcase.TC03 - Reservasi Foreigner      - 13: setText(findTestObject("Reservasi_OR/Page_SIORA/input_e.g. London"), "testing")
2026-05-22 11:04:29.172 DEBUG testcase.TC03 - Reservasi Foreigner      - 14: setText(findTestObject("Reservasi_OR/Page_SIORA/input_44"), "1412")
2026-05-22 11:04:29.861 DEBUG testcase.TC03 - Reservasi Foreigner      - 15: setText(findTestObject("Reservasi_OR/Page_SIORA/input_7700 900000"), "1412123")
2026-05-22 11:04:30.526 DEBUG testcase.TC03 - Reservasi Foreigner      - 16: click(findTestObject("Reservasi_OR/Page_SIORA/button_Continue to Tickets"))
2026-05-22 11:04:30.903 DEBUG testcase.TC03 - Reservasi Foreigner      - 17: click(findTestObject("Reservasi_OR/Page_SIORA/Page_SIORA/button_Confirm"))
2026-05-22 11:04:31.459 DEBUG testcase.TC03 - Reservasi Foreigner      - 18: click(findTestObject("Reservasi_OR/Page_SIORA/button_Continue to Tickets"))
2026-05-22 11:04:32.149 INFO  c.k.katalon.core.main.TestCaseExecutor   - END Test Cases/TC03 - Reservasi Foreigner
2026-05-22 11:04:32.471 INFO  c.k.katalon.core.main.TestSuiteExecutor  - --------------------
2026-05-22 11:04:32.471 INFO  c.k.katalon.core.main.TestSuiteExecutor  - END Test Suites/Suites_Reservasi_Foreigner
2026-05-22 11:04:32.471 INFO  c.k.katalon.core.main.TestSuiteExecutor  - ====================
