2026-05-22 10:58:42.194 INFO  c.k.k.c.l.logback.LogbackConfigurator    - Logback default configuration initialized from: C:\Users\NCI-IS\.katalon\packages\KS-11.1.3\configuration\org.eclipse.osgi\150\0\.cp\resources\logback\logback-execution.xml
2026-05-22 10:58:42.199 INFO  c.k.k.c.l.logback.LogbackConfigurator    - Logback custom configuration initialized from: C:\Users\NCI-IS\git\testingqa\Include\config\log.properties
2026-05-22 10:58:43.045 INFO  c.k.katalon.core.main.TestSuiteExecutor  - START Test Suites/Suites_Reservasi_Foreigner
2026-05-22 10:58:43.131 INFO  c.k.katalon.core.main.TestSuiteExecutor  - userFullName = Heri Kuswanto
2026-05-22 10:58:43.135 INFO  c.k.katalon.core.main.TestSuiteExecutor  - projectName = testingqa
2026-05-22 10:58:43.136 INFO  c.k.katalon.core.main.TestSuiteExecutor  - hostName = NCI-IS - DESKTOP-JISS8F0
2026-05-22 10:58:43.137 INFO  c.k.katalon.core.main.TestSuiteExecutor  - os = Windows 11 64bit
2026-05-22 10:58:43.138 INFO  c.k.katalon.core.main.TestSuiteExecutor  - hostAddress = 192.168.0.64
2026-05-22 10:58:43.139 INFO  c.k.katalon.core.main.TestSuiteExecutor  - katalonVersion = 11.1.3.0
2026-05-22 10:58:43.308 INFO  c.k.katalon.core.main.TestCaseExecutor   - --------------------
2026-05-22 10:58:43.308 INFO  c.k.katalon.core.main.TestCaseExecutor   - START Test Cases/TC01 - Login
2026-05-22 10:58:43.725 DEBUG testcase.TC01 - Login                    - 1: openBrowser("")
2026-05-22 10:58:44.166 INFO  c.k.k.core.webui.driver.DriverFactory    - Starting 'Chrome' driver
2026-05-22 10:58:44.237 INFO  c.k.k.core.webui.driver.DriverFactory    - Action delay is set to 0 milliseconds
2026-05-22 10:58:46.290 INFO  c.k.k.core.webui.driver.DriverFactory    - sessionId = 3a5ac8c2110b35cfbb6b8a54f0b1b3e7
2026-05-22 10:58:46.292 INFO  c.k.k.core.webui.driver.DriverFactory    - browser = Chrome 148.0.7778.168
2026-05-22 10:58:46.293 INFO  c.k.k.core.webui.driver.DriverFactory    - platform = Windows 11
2026-05-22 10:58:46.294 INFO  c.k.k.core.webui.driver.DriverFactory    - seleniumVersion = 4.39.0
2026-05-22 10:58:46.302 INFO  c.k.k.core.webui.driver.DriverFactory    - proxyInformation = ProxyInformation { proxyOption=NO_PROXY, proxyServerType=HTTP, username=, password=********, proxyServerAddress=, proxyServerPort=0, executionList="", isApplyToDesiredCapabilities=true }
2026-05-22 10:58:46.355 DEBUG testcase.TC01 - Login                    - 2: navigateToUrl("https://app.nci.co.id/siora/")
2026-05-22 10:58:46.780 DEBUG testcase.TC01 - Login                    - 3: delay(5)
2026-05-22 10:58:51.843 DEBUG testcase.TC01 - Login                    - 4: click(findTestObject("Login_OR/Page_SIORA/button_Login"))
2026-05-22 10:58:52.437 DEBUG testcase.TC01 - Login                    - 5: delay(5)
2026-05-22 10:58:57.452 DEBUG testcase.TC01 - Login                    - 6: setText(findTestObject("Login_OR/Page_SIORA/input_enter your email"), "herykuswanto03@gmail.com")
2026-05-22 10:58:58.276 DEBUG testcase.TC01 - Login                    - 7: delay(5)
2026-05-22 10:59:03.290 DEBUG testcase.TC01 - Login                    - 8: setEncryptedText(findTestObject("Login_OR/Page_SIORA/input_"), "qkk5RTyihrJfVaznnNKVlg==")
2026-05-22 10:59:03.684 DEBUG testcase.TC01 - Login                    - 9: delay(5)
2026-05-22 10:59:08.695 DEBUG testcase.TC01 - Login                    - 10: click(findTestObject("Login_OR/Page_SIORA/button_Sign In"))
2026-05-22 10:59:09.047 DEBUG testcase.TC01 - Login                    - 11: delay(5)
2026-05-22 10:59:14.056 INFO  c.k.katalon.core.main.TestCaseExecutor   - END Test Cases/TC01 - Login
2026-05-22 10:59:14.062 INFO  c.k.katalon.core.main.TestCaseExecutor   - --------------------
2026-05-22 10:59:14.062 INFO  c.k.katalon.core.main.TestCaseExecutor   - START Test Cases/TC03 - Reservasi Foreigner
2026-05-22 10:59:14.145 DEBUG testcase.TC03 - Reservasi Foreigner      - 1: click(findTestObject("Reservasi_OR/Page_SIORA/img_Komodo Reservation"))
2026-05-22 10:59:14.509 DEBUG testcase.TC03 - Reservasi Foreigner      - 2: click(findTestObject("Page_SIORA/button_I have known and read all the regulations"))
2026-05-22 10:59:14.512 WARN  c.k.k.core.testobject.ObjectRepository   - Test object with id 'Object Repository/Page_SIORA/button_I have known and read all the regulations' does not exist
2026-05-22 10:59:14.526 WARN  c.k.k.core.testobject.ObjectRepository   - Test object with id 'Object Repository/' does not exist
2026-05-22 10:59:14.847 ERROR c.k.k.core.keyword.internal.KeywordMain  - ❌ Unable to click on object (Root cause: com.kms.katalon.core.exception.StepFailedException: Unable to click on object\r\n\tat com.kms.katalon.core.webui.keyword.internal.WebUIKeywordMain.stepFailed(WebUIKeywordMain.groovy:177)\r\n\tat com.kms.katalon.core.webui.keyword.internal.WebUIKeywordMain.runKeyword(WebUIKeywordMain.groovy:49)\r\n\tat com.kms.katalon.core.webui.keyword.internal.WebUIKeywordMain.runKeywordUntilTimeout(WebUIKeywordMain.groovy:133)\r\n\tat com.kms.katalon.core.webui.keyword.builtin.ClickKeyword.click(ClickKeyword.groovy:72)\r\n\tat com.kms.katalon.core.webui.keyword.builtin.ClickKeyword.execute(ClickKeyword.groovy:38)\r\n\tat com.kms.katalon.core.keyword.internal.KeywordExecutor.executeKeywordForPlatform(KeywordExecutor.groovy:99)\r\n\tat com.kms.katalon.core.webui.keyword.WebUiBuiltInKeywords.click(WebUiBuiltInKeywords.groovy:722)\r\n\tat TC03 - Reservasi Foreigner.run(TC03 - Reservasi Foreigner:22)\r\n\tat com.kms.katalon.core.main.ScriptEngine.run(ScriptEngine.java:203)\r\n\tat com.kms.katalon.core.main.ScriptEngine.runScriptAsRawText(ScriptEngine.java:115)\r\n\tat com.kms.katalon.core.main.TestCaseExecutor.runScript(TestCaseExecutor.java:504)\r\n\tat com.kms.katalon.core.main.TestCaseExecutor.doExecute(TestCaseExecutor.java:495)\r\n\tat com.kms.katalon.core.main.TestCaseExecutor.processExecutionPhase(TestCaseExecutor.java:474)\r\n\tat com.kms.katalon.core.main.TestCaseExecutor.accessMainPhase(TestCaseExecutor.java:466)\r\n\tat com.kms.katalon.core.main.TestCaseExecutor.execute(TestCaseExecutor.java:336)\r\n\tat com.kms.katalon.core.common.CommonExecutor.accessTestCaseMainPhase(CommonExecutor.java:71)\r\n\tat com.kms.katalon.core.main.TestSuiteExecutor.accessTestSuiteMainPhase(TestSuiteExecutor.java:153)\r\n\tat com.kms.katalon.core.main.TestSuiteExecutor.execute(TestSuiteExecutor.java:110)\r\n\tat com.kms.katalon.core.main.TestCaseMain.startTestSuite(TestCaseMain.java:206)\r\n\tat S0522_7.run(S0522_7.groovy:40)\r\n\tat java.base/jdk.internal.reflect.DirectMethodHandleAccessor.invoke(DirectMethodHandleAccessor.java:103)\r\nCaused by: com.kms.katalon.core.exception.IllegalTestObjectException: Object is null\r\n\tat com.kms.katalon.core.helper.KeywordHelper.checkTestObjectParameter(KeywordHelper.java:35)\r\n\tat com.kms.katalon.core.webui.keyword.builtin.ClickKeyword$_click_closure1.doCall(ClickKeyword.groovy:50)\r\n\tat java.base/jdk.internal.reflect.DirectMethodHandleAccessor.invoke(DirectMethodHandleAccessor.java:103)\r\n\tat jdk.proxy2/jdk.proxy2.$Proxy56.execute(Unknown Source)\r\n\tat com.kms.katalon.core.webui.model.SeleniumActionRetryController.performAction(SeleniumActionRetryController.java:96)\r\n\tat com.kms.katalon.core.webui.model.SeleniumActionRetryController.performAction(SeleniumActionRetryController.java:83)\r\n\tat com.kms.katalon.core.webui.keyword.internal.WebUIKeywordMain$_runKeywordUntilTimeout_closure1.doCall(WebUIKeywordMain.groovy:135)\r\n\tat com.kms.katalon.core.webui.keyword.internal.WebUIKeywordMain$_runKeywordUntilTimeout_closure1.call(WebUIKeywordMain.groovy)\r\n\tat com.kms.katalon.core.webui.keyword.internal.WebUIKeywordMain.runKeyword(WebUIKeywordMain.groovy:41)\r\n\tat com.kms.katalon.core.webui.keyword.internal.WebUIKeywordMain.runKeywordUntilTimeout(WebUIKeywordMain.groovy:133)\r\n\tat com.kms.katalon.core.webui.keyword.builtin.ClickKeyword.click(ClickKeyword.groovy:72)\r\n\tat com.kms.katalon.core.webui.keyword.builtin.ClickKeyword.execute(ClickKeyword.groovy:38)\r\n\tat com.kms.katalon.core.keyword.internal.KeywordExecutor.executeKeywordForPlatform(KeywordExecutor.groovy:99)\r\n\tat com.kms.katalon.core.webui.keyword.WebUiBuiltInKeywords.click(WebUiBuiltInKeywords.groovy:722)\r\n\tat Script1779422056118.run(Script1779422056118.groovy:22)\r\n\t... 13 more\r\n)
2026-05-22 10:59:14.859 ERROR c.k.katalon.core.main.TestCaseExecutor   - ❌ Test Cases/TC03 - Reservasi Foreigner FAILED.\nReason:\ncom.kms.katalon.core.exception.StepFailedException: Unable to click on object\r\n\tat com.kms.katalon.core.webui.keyword.internal.WebUIKeywordMain.stepFailed(WebUIKeywordMain.groovy:177)\r\n\tat com.kms.katalon.core.webui.keyword.internal.WebUIKeywordMain.runKeyword(WebUIKeywordMain.groovy:49)\r\n\tat com.kms.katalon.core.webui.keyword.internal.WebUIKeywordMain.runKeywordUntilTimeout(WebUIKeywordMain.groovy:133)\r\n\tat com.kms.katalon.core.webui.keyword.builtin.ClickKeyword.click(ClickKeyword.groovy:72)\r\n\tat com.kms.katalon.core.webui.keyword.builtin.ClickKeyword.execute(ClickKeyword.groovy:38)\r\n\tat com.kms.katalon.core.keyword.internal.KeywordExecutor.executeKeywordForPlatform(KeywordExecutor.groovy:99)\r\n\tat com.kms.katalon.core.webui.keyword.WebUiBuiltInKeywords.click(WebUiBuiltInKeywords.groovy:722)\r\n\tat TC03 - Reservasi Foreigner.run(TC03 - Reservasi Foreigner:22)\r\n\tat com.kms.katalon.core.main.ScriptEngine.run(ScriptEngine.java:203)\r\n\tat com.kms.katalon.core.main.ScriptEngine.runScriptAsRawText(ScriptEngine.java:115)\r\n\tat com.kms.katalon.core.main.TestCaseExecutor.runScript(TestCaseExecutor.java:504)\r\n\tat com.kms.katalon.core.main.TestCaseExecutor.doExecute(TestCaseExecutor.java:495)\r\n\tat com.kms.katalon.core.main.TestCaseExecutor.processExecutionPhase(TestCaseExecutor.java:474)\r\n\tat com.kms.katalon.core.main.TestCaseExecutor.accessMainPhase(TestCaseExecutor.java:466)\r\n\tat com.kms.katalon.core.main.TestCaseExecutor.execute(TestCaseExecutor.java:336)\r\n\tat com.kms.katalon.core.common.CommonExecutor.accessTestCaseMainPhase(CommonExecutor.java:71)\r\n\tat com.kms.katalon.core.main.TestSuiteExecutor.accessTestSuiteMainPhase(TestSuiteExecutor.java:153)\r\n\tat com.kms.katalon.core.main.TestSuiteExecutor.execute(TestSuiteExecutor.java:110)\r\n\tat com.kms.katalon.core.main.TestCaseMain.startTestSuite(TestCaseMain.java:206)\r\n\tat S0522_7.run(S0522_7.groovy:40)\r\n\tat java.base/jdk.internal.reflect.DirectMethodHandleAccessor.invoke(DirectMethodHandleAccessor.java:103)\r\nCaused by: com.kms.katalon.core.exception.IllegalTestObjectException: Object is null\r\n\tat com.kms.katalon.core.helper.KeywordHelper.checkTestObjectParameter(KeywordHelper.java:35)\r\n\tat com.kms.katalon.core.webui.keyword.builtin.ClickKeyword$_click_closure1.doCall(ClickKeyword.groovy:50)\r\n\tat java.base/jdk.internal.reflect.DirectMethodHandleAccessor.invoke(DirectMethodHandleAccessor.java:103)\r\n\tat jdk.proxy2/jdk.proxy2.$Proxy56.execute(Unknown Source)\r\n\tat com.kms.katalon.core.webui.model.SeleniumActionRetryController.performAction(SeleniumActionRetryController.java:96)\r\n\tat com.kms.katalon.core.webui.model.SeleniumActionRetryController.performAction(SeleniumActionRetryController.java:83)\r\n\tat com.kms.katalon.core.webui.keyword.internal.WebUIKeywordMain$_runKeywordUntilTimeout_closure1.doCall(WebUIKeywordMain.groovy:135)\r\n\tat com.kms.katalon.core.webui.keyword.internal.WebUIKeywordMain$_runKeywordUntilTimeout_closure1.call(WebUIKeywordMain.groovy)\r\n\tat com.kms.katalon.core.webui.keyword.internal.WebUIKeywordMain.runKeyword(WebUIKeywordMain.groovy:41)\r\n\t... 19 more\r\n
2026-05-22 10:59:14.863 INFO  c.k.katalon.core.main.TestCaseExecutor   - END Test Cases/TC03 - Reservasi Foreigner
2026-05-22 10:59:16.779 INFO  c.k.katalon.core.main.TestSuiteExecutor  - --------------------
2026-05-22 10:59:16.779 INFO  c.k.katalon.core.main.TestSuiteExecutor  - END Test Suites/Suites_Reservasi_Foreigner
2026-05-22 10:59:16.781 INFO  c.k.katalon.core.main.TestSuiteExecutor  - ====================
