2026-05-22 13:15:44.620 INFO  c.k.k.c.l.logback.LogbackConfigurator    - Logback default configuration initialized from: C:\Users\NCI-IS\.katalon\packages\KS-11.1.3\configuration\org.eclipse.osgi\150\0\.cp\resources\logback\logback-execution.xml
2026-05-22 13:15:44.626 INFO  c.k.k.c.l.logback.LogbackConfigurator    - Logback custom configuration initialized from: C:\Users\NCI-IS\git\testingqa\Include\config\log.properties
2026-05-22 13:15:46.130 INFO  c.k.katalon.core.main.TestSuiteExecutor  - START Test Suites/Suites_Reservasi_Foreigner
2026-05-22 13:15:46.276 INFO  c.k.katalon.core.main.TestSuiteExecutor  - userFullName = Heri Kuswanto
2026-05-22 13:15:46.278 INFO  c.k.katalon.core.main.TestSuiteExecutor  - projectName = testingqa
2026-05-22 13:15:46.280 INFO  c.k.katalon.core.main.TestSuiteExecutor  - hostName = NCI-IS - DESKTOP-JISS8F0
2026-05-22 13:15:46.283 INFO  c.k.katalon.core.main.TestSuiteExecutor  - os = Windows 11 64bit
2026-05-22 13:15:46.285 INFO  c.k.katalon.core.main.TestSuiteExecutor  - hostAddress = 192.168.0.64
2026-05-22 13:15:46.287 INFO  c.k.katalon.core.main.TestSuiteExecutor  - katalonVersion = 11.1.3.0
2026-05-22 13:15:46.545 INFO  c.k.katalon.core.main.TestCaseExecutor   - --------------------
2026-05-22 13:15:46.545 INFO  c.k.katalon.core.main.TestCaseExecutor   - START Test Cases/TC01 - Login
2026-05-22 13:15:47.125 DEBUG testcase.TC01 - Login                    - 1: openBrowser("")
2026-05-22 13:15:47.633 INFO  c.k.k.core.webui.driver.DriverFactory    - Starting 'Chrome' driver
2026-05-22 13:15:47.709 INFO  c.k.k.core.webui.driver.DriverFactory    - Action delay is set to 0 milliseconds
2026-05-22 13:15:51.218 INFO  c.k.k.core.webui.driver.DriverFactory    - sessionId = 02764d450f2d89995d2ab084818968f8
2026-05-22 13:15:51.221 INFO  c.k.k.core.webui.driver.DriverFactory    - browser = Chrome 148.0.7778.168
2026-05-22 13:15:51.222 INFO  c.k.k.core.webui.driver.DriverFactory    - platform = Windows 11
2026-05-22 13:15:51.223 INFO  c.k.k.core.webui.driver.DriverFactory    - seleniumVersion = 4.39.0
2026-05-22 13:15:51.237 INFO  c.k.k.core.webui.driver.DriverFactory    - proxyInformation = ProxyInformation { proxyOption=NO_PROXY, proxyServerType=HTTP, username=, password=********, proxyServerAddress=, proxyServerPort=0, executionList="", isApplyToDesiredCapabilities=true }
2026-05-22 13:15:51.355 DEBUG testcase.TC01 - Login                    - 2: navigateToUrl("https://app.nci.co.id/siora/")
2026-05-22 13:15:51.896 DEBUG testcase.TC01 - Login                    - 3: delay(5)
2026-05-22 13:15:56.982 DEBUG testcase.TC01 - Login                    - 4: click(findTestObject("Login_OR/Page_SIORA/button_Login"))
2026-05-22 13:15:58.234 DEBUG testcase.TC01 - Login                    - 5: delay(5)
2026-05-22 13:16:03.254 DEBUG testcase.TC01 - Login                    - 6: setText(findTestObject("Login_OR/Page_SIORA/input_enter your email"), "herykuswanto03@gmail.com")
2026-05-22 13:16:04.451 DEBUG testcase.TC01 - Login                    - 7: delay(5)
2026-05-22 13:16:09.481 DEBUG testcase.TC01 - Login                    - 8: setEncryptedText(findTestObject("Login_OR/Page_SIORA/input_"), "qkk5RTyihrJfVaznnNKVlg==")
2026-05-22 13:16:10.421 DEBUG testcase.TC01 - Login                    - 9: delay(5)
2026-05-22 13:16:15.443 DEBUG testcase.TC01 - Login                    - 10: click(findTestObject("Login_OR/Page_SIORA/button_Sign In"))
2026-05-22 13:16:15.983 DEBUG testcase.TC01 - Login                    - 11: delay(5)
2026-05-22 13:16:21.008 INFO  c.k.katalon.core.main.TestCaseExecutor   - END Test Cases/TC01 - Login
2026-05-22 13:16:21.034 INFO  c.k.katalon.core.main.TestCaseExecutor   - --------------------
2026-05-22 13:16:21.034 INFO  c.k.katalon.core.main.TestCaseExecutor   - START Test Cases/TC03 - Reservasi Foreigner
2026-05-22 13:16:21.362 DEBUG testcase.TC03 - Reservasi Foreigner      - 1: click(findTestObject("Reservasi_OR/Page_SIORA/img_Komodo Reservation"))
2026-05-22 13:16:22.040 DEBUG testcase.TC03 - Reservasi Foreigner      - 2: delay(2)
2026-05-22 13:16:24.056 DEBUG testcase.TC03 - Reservasi Foreigner      - 3: click(findTestObject("Reservasi_OR/Page_SIORA/div_w-6 h-6 rounded-lg border-2 flex items-cente"))
2026-05-22 13:16:24.826 DEBUG testcase.TC03 - Reservasi Foreigner      - 4: delay(2)
2026-05-22 13:16:26.859 DEBUG testcase.TC03 - Reservasi Foreigner      - 5: click(findTestObject("Reservasi_OR/Page_SIORA/button_Next"))
2026-05-22 13:16:27.657 DEBUG testcase.TC03 - Reservasi Foreigner      - 6: delay(2)
2026-05-22 13:16:29.689 DEBUG testcase.TC03 - Reservasi Foreigner      - 7: click(findTestObject("Reservasi_OR/Page_SIORA/Page_SIORA/button_inline-flex items-center justify-center g"))
2026-05-22 13:16:30.428 DEBUG testcase.TC03 - Reservasi Foreigner      - 8: delay(2)
2026-05-22 13:16:32.452 DEBUG testcase.TC03 - Reservasi Foreigner      - 9: click(findTestObject("Reservasi_OR/Page_SIORA/button_Continue to Tickets"))
2026-05-22 13:16:33.083 DEBUG testcase.TC03 - Reservasi Foreigner      - 10: delay(2)
2026-05-22 13:16:35.098 DEBUG testcase.TC03 - Reservasi Foreigner      - 11: click(findTestObject("Reservasi_OR/Page_SIORA/button_Komodo National Park"))
2026-05-22 13:16:35.975 DEBUG testcase.TC03 - Reservasi Foreigner      - 12: delay(2)
2026-05-22 13:16:37.999 DEBUG testcase.TC03 - Reservasi Foreigner      - 13: click(findTestObject("Reservasi_OR/Page_SIORA/button_Continue to Tickets"))
2026-05-22 13:16:38.687 DEBUG testcase.TC03 - Reservasi Foreigner      - 14: delay(2)
2026-05-22 13:16:40.714 DEBUG testcase.TC03 - Reservasi Foreigner      - 15: click(findTestObject("Reservasi_OR/Page_SIORA/Page_SIORA/button_FOREIGNER1"))
2026-05-22 13:16:41.622 DEBUG testcase.TC03 - Reservasi Foreigner      - 16: delay(2)
2026-05-22 13:16:43.651 DEBUG testcase.TC03 - Reservasi Foreigner      - 17: setText(findTestObject("Reservasi_OR/Page_SIORA/input_Alexander Thorne"), "testing")
2026-05-22 13:16:45.186 DEBUG testcase.TC03 - Reservasi Foreigner      - 18: setText(findTestObject("Reservasi_OR/Page_SIORA/input_Passport or National ID"), "0123456789")
2026-05-22 13:16:46.289 DEBUG testcase.TC03 - Reservasi Foreigner      - 19: click(findTestObject("Reservasi_OR/Page_SIORA/Page_SIORA/div_css-1xc3v61-indicatorContainer"))
2026-05-22 13:16:47.173 DEBUG testcase.TC03 - Reservasi Foreigner      - 20: click(findTestObject("Reservasi_OR/Page_SIORA/Page_SIORA/div_react-select-3-option-17"))
2026-05-22 13:16:48.784 DEBUG testcase.TC03 - Reservasi Foreigner      - 21: setText(findTestObject("Reservasi_OR/Page_SIORA/input_e.g. London"), "testing")
2026-05-22 13:16:50.188 DEBUG testcase.TC03 - Reservasi Foreigner      - 22: setText(findTestObject("Reservasi_OR/Page_SIORA/input_44"), "1412")
2026-05-22 13:16:51.539 DEBUG testcase.TC03 - Reservasi Foreigner      - 23: delay(2)
2026-05-22 13:16:53.553 DEBUG testcase.TC03 - Reservasi Foreigner      - 24: setText(findTestObject("Reservasi_OR/Page_SIORA/input_7700 900000"), "1412123")
2026-05-22 13:16:54.764 DEBUG testcase.TC03 - Reservasi Foreigner      - 25: click(findTestObject("Reservasi_OR/Page_SIORA/button_Continue to Tickets"))
2026-05-22 13:16:55.349 DEBUG testcase.TC03 - Reservasi Foreigner      - 26: delay(2)
2026-05-22 13:16:57.365 DEBUG testcase.TC03 - Reservasi Foreigner      - 27: click(findTestObject("Reservasi_OR/Page_SIORA/Page_SIORA/button_Confirm"))
2026-05-22 13:16:58.164 DEBUG testcase.TC03 - Reservasi Foreigner      - 28: click(findTestObject("Reservasi_OR/Page_SIORA/button_Continue to Tickets"))
2026-05-22 13:16:59.149 DEBUG testcase.TC03 - Reservasi Foreigner      - 29: delay(2)
2026-05-22 13:17:01.177 INFO  c.k.katalon.core.main.TestCaseExecutor   - END Test Cases/TC03 - Reservasi Foreigner
2026-05-22 13:17:01.625 INFO  c.k.katalon.core.main.TestSuiteExecutor  - --------------------
2026-05-22 13:17:01.625 INFO  c.k.katalon.core.main.TestSuiteExecutor  - END Test Suites/Suites_Reservasi_Foreigner
2026-05-22 13:17:01.625 INFO  c.k.katalon.core.main.TestSuiteExecutor  - ====================
