2026-05-22 11:13:54.586 INFO  c.k.k.c.l.logback.LogbackConfigurator    - Logback default configuration initialized from: C:\Users\NCI-IS\.katalon\packages\KS-11.1.3\configuration\org.eclipse.osgi\150\0\.cp\resources\logback\logback-execution.xml
2026-05-22 11:13:54.591 INFO  c.k.k.c.l.logback.LogbackConfigurator    - Logback custom configuration initialized from: C:\Users\NCI-IS\git\testingqa\Include\config\log.properties
2026-05-22 11:13:55.467 INFO  c.k.katalon.core.main.TestSuiteExecutor  - START Test Suites/Suites_Reservasi_Foreigner
2026-05-22 11:13:55.554 INFO  c.k.katalon.core.main.TestSuiteExecutor  - userFullName = Heri Kuswanto
2026-05-22 11:13:55.555 INFO  c.k.katalon.core.main.TestSuiteExecutor  - projectName = testingqa
2026-05-22 11:13:55.556 INFO  c.k.katalon.core.main.TestSuiteExecutor  - hostName = NCI-IS - DESKTOP-JISS8F0
2026-05-22 11:13:55.558 INFO  c.k.katalon.core.main.TestSuiteExecutor  - os = Windows 11 64bit
2026-05-22 11:13:55.559 INFO  c.k.katalon.core.main.TestSuiteExecutor  - hostAddress = 192.168.0.64
2026-05-22 11:13:55.560 INFO  c.k.katalon.core.main.TestSuiteExecutor  - katalonVersion = 11.1.3.0
2026-05-22 11:13:55.729 INFO  c.k.katalon.core.main.TestCaseExecutor   - --------------------
2026-05-22 11:13:55.730 INFO  c.k.katalon.core.main.TestCaseExecutor   - START Test Cases/TC01 - Login
2026-05-22 11:13:56.155 DEBUG testcase.TC01 - Login                    - 1: openBrowser("")
2026-05-22 11:13:56.534 INFO  c.k.k.core.webui.driver.DriverFactory    - Starting 'Chrome' driver
2026-05-22 11:13:56.609 INFO  c.k.k.core.webui.driver.DriverFactory    - Action delay is set to 0 milliseconds
2026-05-22 11:13:58.637 INFO  c.k.k.core.webui.driver.DriverFactory    - sessionId = 2a55e99920d93587a67d74935524d91e
2026-05-22 11:13:58.638 INFO  c.k.k.core.webui.driver.DriverFactory    - browser = Chrome 148.0.7778.168
2026-05-22 11:13:58.640 INFO  c.k.k.core.webui.driver.DriverFactory    - platform = Windows 11
2026-05-22 11:13:58.640 INFO  c.k.k.core.webui.driver.DriverFactory    - seleniumVersion = 4.39.0
2026-05-22 11:13:58.659 INFO  c.k.k.core.webui.driver.DriverFactory    - proxyInformation = ProxyInformation { proxyOption=NO_PROXY, proxyServerType=HTTP, username=, password=********, proxyServerAddress=, proxyServerPort=0, executionList="", isApplyToDesiredCapabilities=true }
2026-05-22 11:13:58.719 DEBUG testcase.TC01 - Login                    - 2: navigateToUrl("https://app.nci.co.id/siora/")
2026-05-22 11:14:00.931 DEBUG testcase.TC01 - Login                    - 3: delay(5)
2026-05-22 11:14:05.979 DEBUG testcase.TC01 - Login                    - 4: click(findTestObject("Login_OR/Page_SIORA/button_Login"))
2026-05-22 11:14:16.411 WARN  c.k.k.c.w.keyword.builtin.ClickKeyword   - Waiting for element timed out
2026-05-22 11:14:16.543 DEBUG testcase.TC01 - Login                    - 5: delay(5)
2026-05-22 11:14:21.557 DEBUG testcase.TC01 - Login                    - 6: setText(findTestObject("Login_OR/Page_SIORA/input_enter your email"), "herykuswanto03@gmail.com")
2026-05-22 11:14:31.925 WARN  c.k.k.c.w.k.builtin.SetTextKeyword       - Waiting for element timed out
2026-05-22 11:14:32.424 WARN  c.k.k.c.w.k.builtin.SetTextKeyword       - Waiting for element timed out
2026-05-22 11:14:32.530 DEBUG testcase.TC01 - Login                    - 7: delay(5)
2026-05-22 11:14:37.544 DEBUG testcase.TC01 - Login                    - 8: setEncryptedText(findTestObject("Login_OR/Page_SIORA/input_"), "qkk5RTyihrJfVaznnNKVlg==")
2026-05-22 11:14:38.044 DEBUG testcase.TC01 - Login                    - 9: delay(5)
2026-05-22 11:14:43.054 DEBUG testcase.TC01 - Login                    - 10: click(findTestObject("Login_OR/Page_SIORA/button_Sign In"))
2026-05-22 11:14:43.426 DEBUG testcase.TC01 - Login                    - 11: delay(5)
2026-05-22 11:14:48.448 INFO  c.k.katalon.core.main.TestCaseExecutor   - END Test Cases/TC01 - Login
2026-05-22 11:14:48.455 INFO  c.k.katalon.core.main.TestCaseExecutor   - --------------------
2026-05-22 11:14:48.455 INFO  c.k.katalon.core.main.TestCaseExecutor   - START Test Cases/TC03 - Reservasi Foreigner
2026-05-22 11:14:48.552 DEBUG testcase.TC03 - Reservasi Foreigner      - 1: click(findTestObject("Reservasi_OR/Page_SIORA/img_Komodo Reservation"))
2026-05-22 11:14:48.901 DEBUG testcase.TC03 - Reservasi Foreigner      - 2: delay(2)
2026-05-22 11:14:50.926 DEBUG testcase.TC03 - Reservasi Foreigner      - 3: click(findTestObject("Reservasi_OR/Page_SIORA/div_w-6 h-6 rounded-lg border-2 flex items-cente"))
2026-05-22 11:14:51.262 DEBUG testcase.TC03 - Reservasi Foreigner      - 4: delay(2)
2026-05-22 11:14:53.273 DEBUG testcase.TC03 - Reservasi Foreigner      - 5: click(findTestObject("Reservasi_OR/Page_SIORA/button_Next"))
2026-05-22 11:14:53.613 DEBUG testcase.TC03 - Reservasi Foreigner      - 6: delay(2)
2026-05-22 11:14:55.623 DEBUG testcase.TC03 - Reservasi Foreigner      - 7: click(findTestObject("Reservasi_OR/Page_SIORA/Page_SIORA/button_inline-flex items-center justify-center g"))
2026-05-22 11:14:55.968 DEBUG testcase.TC03 - Reservasi Foreigner      - 8: delay(2)
2026-05-22 11:14:57.974 DEBUG testcase.TC03 - Reservasi Foreigner      - 9: click(findTestObject("Reservasi_OR/Page_SIORA/button_Continue to Tickets"))
2026-05-22 11:14:58.347 DEBUG testcase.TC03 - Reservasi Foreigner      - 10: delay(2)
2026-05-22 11:15:00.355 DEBUG testcase.TC03 - Reservasi Foreigner      - 11: click(findTestObject("Reservasi_OR/Page_SIORA/button_Komodo National Park"))
2026-05-22 11:15:00.719 DEBUG testcase.TC03 - Reservasi Foreigner      - 12: delay(2)
2026-05-22 11:15:02.726 DEBUG testcase.TC03 - Reservasi Foreigner      - 13: click(findTestObject("Reservasi_OR/Page_SIORA/button_Continue to Tickets"))
2026-05-22 11:15:03.095 DEBUG testcase.TC03 - Reservasi Foreigner      - 14: delay(2)
2026-05-22 11:15:05.102 DEBUG testcase.TC03 - Reservasi Foreigner      - 15: click(findTestObject("Reservasi_OR/Page_SIORA/Page_SIORA/button_FOREIGNER1"))
2026-05-22 11:15:05.457 DEBUG testcase.TC03 - Reservasi Foreigner      - 16: delay(2)
2026-05-22 11:15:07.462 DEBUG testcase.TC03 - Reservasi Foreigner      - 17: setText(findTestObject("Reservasi_OR/Page_SIORA/input_Alexander Thorne"), "testing")
2026-05-22 11:15:08.177 DEBUG testcase.TC03 - Reservasi Foreigner      - 18: setText(findTestObject("Reservasi_OR/Page_SIORA/input_Passport or National ID"), "0123456789")
2026-05-22 11:15:08.892 DEBUG testcase.TC03 - Reservasi Foreigner      - 19: click(findTestObject("Reservasi_OR/Page_SIORA/Page_SIORA/div_css-1xc3v61-indicatorContainer"))
2026-05-22 11:15:09.384 DEBUG testcase.TC03 - Reservasi Foreigner      - 20: click(findTestObject("Reservasi_OR/Page_SIORA/Page_SIORA/div_react-select-3-option-17"))
2026-05-22 11:15:09.972 DEBUG testcase.TC03 - Reservasi Foreigner      - 21: setText(findTestObject("Reservasi_OR/Page_SIORA/input_e.g. London"), "testing")
2026-05-22 11:15:11.223 DEBUG testcase.TC03 - Reservasi Foreigner      - 22: setText(findTestObject("Reservasi_OR/Page_SIORA/input_44"), "1412")
2026-05-22 11:15:11.903 DEBUG testcase.TC03 - Reservasi Foreigner      - 23: delay(2)
2026-05-22 11:15:13.925 DEBUG testcase.TC03 - Reservasi Foreigner      - 24: setText(findTestObject("Reservasi_OR/Page_SIORA/input_7700 900000"), "1412123")
2026-05-22 11:15:14.663 DEBUG testcase.TC03 - Reservasi Foreigner      - 25: click(findTestObject("Reservasi_OR/Page_SIORA/button_Continue to Tickets"))
2026-05-22 11:15:15.043 DEBUG testcase.TC03 - Reservasi Foreigner      - 26: delay(2)
2026-05-22 11:15:17.055 DEBUG testcase.TC03 - Reservasi Foreigner      - 27: click(findTestObject("Reservasi_OR/Page_SIORA/Page_SIORA/button_Confirm"))
2026-05-22 11:15:17.396 DEBUG testcase.TC03 - Reservasi Foreigner      - 28: click(findTestObject("Reservasi_OR/Page_SIORA/button_Continue to Tickets"))
2026-05-22 11:15:18.269 DEBUG testcase.TC03 - Reservasi Foreigner      - 29: delay(2)
2026-05-22 11:15:20.288 INFO  c.k.katalon.core.main.TestCaseExecutor   - END Test Cases/TC03 - Reservasi Foreigner
2026-05-22 11:15:20.571 INFO  c.k.katalon.core.main.TestSuiteExecutor  - --------------------
2026-05-22 11:15:20.572 INFO  c.k.katalon.core.main.TestSuiteExecutor  - END Test Suites/Suites_Reservasi_Foreigner
2026-05-22 11:15:20.572 INFO  c.k.katalon.core.main.TestSuiteExecutor  - ====================
